---
source: tui/src/status/tests.rs
expression: sanitized
---
/status

╭───────────────────────────────────────────────────────────────────────╮
│  >_ OpenAI Codex (v0.0.0)                                             │
│                                                                       │
│ 访问 https://chatgpt.com/codex/settings/usage 查看最新的              │
│ 限额与额度信息                                                        │
│                                                                       │
│  模型:           gpt-5.1-codex-max (推理 无, 摘要 自动)               │
│  目录:           [[workspace]]                                        │
│  权限:           自定义（只读，按需审批）                             │
│  Agents.md:      无                                                   │
│  会话:           0f0f3c13-6cf9-4aa4-8b80-7d49c2f1be2e                 │
│  派生自:         e9f18a88-8081-4e51-9d4e-8af5cde2d8dd                 │
│                                                                       │
│  Token 使用量:   1.2K 总计  (800 输入 + 400 输出)                     │
│  上下文窗口:     100% 剩余 (1.2K 已用 / 272K)                         │
│  限额:           暂无数据                                             │
╰───────────────────────────────────────────────────────────────────────╯
