---
source: tui/src/app.rs
expression: model_migration_copy_to_plain_text(&copy)
---
**Codex 刚刚升级。隆重介绍 gpt-5.3-codex.**

Codex 现已由 gpt-5.3-codex 驱动，这是目前最强大的 agentic 编码模型。它面向长期、项目级的工作，支持中途指引与频繁进度更新，方便你在运行时协作（而且速度更快）。

了解更多：https://openai.com/index/introducing-gpt-5-3-codex/

如需继续使用 gpt-5.1-codex，也可以。
