---
source: tui/src/app.rs
expression: rendered
---
╭──────────────────────────────────────────╮
│ >_ OpenAI Codex (v<VERSION>)             │
│                                          │
│ 模型： gpt-5.4 超高   快速   /model 切换 │
│ 目录： /tmp/project                      │
╰──────────────────────────────────────────╯
