---
source: tui/src/bottom_pane/status_line_setup.rs
assertion_line: 365
expression: "render_lines(&view, 72)"
---
                                                                        
  配置状态栏                                                              
  选择要显示在状态栏中的项目。                                            
                                                                        
  输入以搜索                                                              
  >                                                                     
› [x] model-name            当前模型名称                                 
  [x] current-dir           当前工作目录                                 
  [x] git-branch            当前 Git 分支（不可用时隐藏）                
  [ ] model-with-reasoning  包含推理等级的当前模型名称                   
  [ ] project-root          项目根目录（不可用时隐藏）                   
  [ ] context-remaining     剩余上下文窗口百分比（未知时隐藏）           
  [ ] context-used          已用上下文窗口百分比（未知时隐藏）           
  [ ] five-hour-limit       5 小时用量剩余（不可用时隐藏）               
                                                                        
  gpt-5-codex · ~/codex-rs · jif/statusline-preview                     
  使用 ↑↓ 导航，←→ 移动，空格选择，回车确认，Esc 取消。
