---
source: tui/src/bottom_pane/pending_input_preview.rs
expression: "format!(\"{buf:?}\")"
---
Buffer {
    area: Rect { x: 0, y: 0, width: 52, height: 8 },
    content: [
        "• 将在下一次工具调用后提交的消息     ",
        "  （按 esc 中断并立即发送）                 ",
        "  ↳ 请继续。                                          ",
        "  ↳ Check the last command output.                  ",
        "                                                    ",
        "• 已排队的后续消息                         ",
        "  ↳ 排队的后续问题                             ",
        "    ⌥ + ↑ 编辑最近排队的消息                   ",
    ],
    styles: [
        x: 0, y: 0, fg: Reset, bg: Reset, underline: Reset, modifier: DIM,
        x: 2, y: 0, fg: Reset, bg: Reset, underline: Reset, modifier: NONE,
        x: 0, y: 1, fg: Reset, bg: Reset, underline: Reset, modifier: DIM,
        x: 47, y: 1, fg: Reset, bg: Reset, underline: Reset, modifier: NONE,
        x: 0, y: 2, fg: Reset, bg: Reset, underline: Reset, modifier: DIM,
        x: 20, y: 2, fg: Reset, bg: Reset, underline: Reset, modifier: NONE,
        x: 0, y: 3, fg: Reset, bg: Reset, underline: Reset, modifier: DIM,
        x: 34, y: 3, fg: Reset, bg: Reset, underline: Reset, modifier: NONE,
        x: 0, y: 5, fg: Reset, bg: Reset, underline: Reset, modifier: DIM,
        x: 2, y: 5, fg: Reset, bg: Reset, underline: Reset, modifier: NONE,
        x: 0, y: 6, fg: Reset, bg: Reset, underline: Reset, modifier: DIM,
        x: 4, y: 6, fg: Reset, bg: Reset, underline: Reset, modifier: DIM | ITALIC,
        x: 29, y: 6, fg: Reset, bg: Reset, underline: Reset, modifier: NONE,
        x: 0, y: 7, fg: Reset, bg: Reset, underline: Reset, modifier: DIM,
        x: 34, y: 7, fg: Reset, bg: Reset, underline: Reset, modifier: NONE,
    ]
}
