---
source: tui/src/bottom_pane/mcp_server_elicitation.rs
expression: "render_snapshot(&overlay, Rect::new(0, 0, 120, 16))"
---
                                                                                                                        
  字段 1/1（1 个必答未完成）                                                                                              
  Allow this request?                                                                                                   
                                                                                                                        
  Confirm                                                                                                               
  Approve the pending action.                                                                                           
  › 1. True                                                                                                             
    2. False                                                                                                            
                                                                                                                        
                                                                                                                        
                                                                                                                        
                                                                                                                        
                                                                                                                        
                                                                                                                        
  回车提交全部 | Esc 取消                                                                                                
