---
source: tui/src/bottom_pane/chat_composer.rs
expression: terminal.backend()
---
"                              "
"› Test                        "
"                              "
"                              "
"                              "
"                              "
"                              "
"                              "
"  tab 排队 · Plan 模式        "
