---
source: tui/src/bottom_pane/skills_toggle_view.rs
assertion_line: 439
expression: "render_lines(&view, 72)"
---
                                                                        
  启用/停用技能                                                            
  开启或关闭技能。更改会自动保存。                                             
                                                                        
  输入以搜索技能                                                         
  >                                                                     
› [x] Repo Scout        Summarize the repo layout                       
  [ ] Changelog Writer  Draft release notes                             
                                                                        
  按 space 或 enter 切换；按 esc 关闭
