---
source: tui/src/bottom_pane/mcp_server_elicitation.rs
expression: "render_snapshot(&overlay, Rect::new(0, 0, 120, 16))"
---
                                                                                                                        
  字段 1/1                                                                                                               
  Allow this request?                                                                                                   
  › 1. 仅本次允许  运行该工具并继续。                                                                                     
    2. 取消       取消本次工具调用                                                                                       
                                                                                                                        
                                                                                                                        
                                                                                                                        
                                                                                                                        
                                                                                                                        
                                                                                                                        
                                                                                                                        
                                                                                                                        
                                                                                                                        
  回车提交全部 | Esc 取消                                                                                                
