---
source: tui/src/bottom_pane/chat_composer.rs
expression: terminal.backend()
---
"                          "
"› 让 Codex 做任何事 "
"                          "
"                          "
"                          "
"                          "
"                          "
"                          "
"       100% 剩余上下文    "
