---
source: tui/src/bottom_pane/chat_composer.rs
expression: terminal.backend()
---
"                                                                                                                        "
"› 让 Codex 做任何事                                                                                              "
"                                                                                                                        "
"                                                                                                                        "
"                                                                                                                        "
"                                                                                                                        "
"                                                                                                                        "
"                                                                                                                        "
"  ? 查看快捷键 · Plan 模式 (shift+tab 切换)                                                   100% 剩余上下文           "
