---
source: tui/src/bottom_pane/chat_composer.rs
expression: terminal.backend()
---
"                                                                                                    "
"› $sa                                                                                               "
"                                                                                                    "
"                                                                                                    "
"                                                                                                    "
"                                                                                                    "
"  Sample Plugin  [Plugin] Plugin that includes the Figma MCP server and Skills for common workflows "
"                                                                                                    "
"  按 enter 插入或按 esc 关闭                                                                         "
