---
source: tui/src/chatwidget/tests.rs
expression: popup
---
  Approaching rate limits
  Switch to gpt-5.1-codex-mini for lower credit usage?

› 1. Switch to gpt-5.1-codex-mini           Optimized for codex. Cheaper,
                                            faster, but less capable.
  2. Keep current model
  3. Keep current model (never show again)  Hide future rate limit reminders
                                            about switching models.

  按 enter 确认或按 esc 返回
