---
source: tui/src/chatwidget/tests.rs
expression: terminal.backend()
---
"                                                                                "
"• 正在启动 MCP 服务器：alpha (0秒 • 按 esc 中断)                         "
"                                                                                "
"                                                                                "
"› 让 Codex 做任何事                                                      "
"                                                                                "
"  ? 查看快捷键                                            100% 剩余上下文       "
