---
source: tui/src/chatwidget/tests.rs
expression: popup
---
  Experimental features
  Toggle experimental features. Changes are saved to config.toml.

› [ ] Ghost snapshots  Capture undo snapshots each turn.
  [x] Shell tool       Allow the model to run shell commands.

  按 space 选择，或按 enter 保存到下次会话
