---
source: tui/src/chatwidget/tests.rs
expression: terminal.backend()
---
"                                                                                "
"                                                                                "
"› 让 Codex 做任何事                                                      "
"                                                                                "
"  Fast on                                                                       "
